stm32l4xx_it.c:86:6:changeSeconds	8	static
stm32l4xx_it.c:106:6:changeMinutes	8	static
stm32l4xx_it.c:126:6:changeHours	4	static
stm32l4xx_it.c:157:6:NMI_Handler	4	static
stm32l4xx_it.c:172:6:HardFault_Handler	4	static
stm32l4xx_it.c:187:6:MemManage_Handler	4	static
stm32l4xx_it.c:202:6:BusFault_Handler	4	static
stm32l4xx_it.c:217:6:UsageFault_Handler	4	static
stm32l4xx_it.c:232:6:SVC_Handler	4	static
stm32l4xx_it.c:245:6:DebugMon_Handler	4	static
stm32l4xx_it.c:258:6:PendSV_Handler	4	static
stm32l4xx_it.c:271:6:SysTick_Handler	16	static
stm32l4xx_it.c:395:6:inputHandling	8	static
stm32l4xx_it.c:417:6:showDigit	16	static
