stm32l4xx_it.c:84:6:changeSeconds	8	static
stm32l4xx_it.c:104:6:changeMinutes	8	static
stm32l4xx_it.c:124:6:changeHours	4	static
stm32l4xx_it.c:155:6:NMI_Handler	4	static
stm32l4xx_it.c:170:6:HardFault_Handler	4	static
stm32l4xx_it.c:185:6:MemManage_Handler	4	static
stm32l4xx_it.c:200:6:BusFault_Handler	4	static
stm32l4xx_it.c:215:6:UsageFault_Handler	4	static
stm32l4xx_it.c:230:6:SVC_Handler	4	static
stm32l4xx_it.c:243:6:DebugMon_Handler	4	static
stm32l4xx_it.c:256:6:PendSV_Handler	4	static
stm32l4xx_it.c:270:6:SysTick_Handler	8	static
stm32l4xx_it.c:344:6:inputHandling	8	static
